Analysis & Synthesis report for finalproject
Sat May 28 13:32:28 2016
Quartus II 64-Bit Version 13.0.1 Build 232 06/12/2013 Service Pack 1 SJ Web Edition


---------------------
; Table of Contents ;
---------------------
  1. Legal Notice
  2. Analysis & Synthesis Summary
  3. Analysis & Synthesis Settings
  4. Parallel Compilation
  5. Analysis & Synthesis Source Files Read
  6. Analysis & Synthesis Resource Usage Summary
  7. Analysis & Synthesis Resource Utilization by Entity
  8. State Machine - |proc|controlunit:cont|Y_present
  9. User-Specified and Inferred Latches
 10. General Register Statistics
 11. Parameter Settings for User Entity Instance: trin:triR0
 12. Parameter Settings for User Entity Instance: trin:triR1
 13. Parameter Settings for User Entity Instance: trin:triR2
 14. Parameter Settings for User Entity Instance: trin:triR3
 15. Parameter Settings for User Entity Instance: trin:triG
 16. Parameter Settings for User Entity Instance: trin:triD
 17. Port Connectivity Checks: "controlunit:cont"
 18. Port Connectivity Checks: "Arithmetic_Logic_Unit:ALU|sixteen_bit_adder:adderres|bit_adder:fa15"
 19. Port Connectivity Checks: "Arithmetic_Logic_Unit:ALU|sixteen_bit_adder:adderres|bit_adder:fa0"
 20. Elapsed Time Per Partition
 21. Analysis & Synthesis Messages



----------------
; Legal Notice ;
----------------
Copyright (C) 1991-2013 Altera Corporation
Your use of Altera Corporation's design tools, logic functions 
and other software and tools, and its AMPP partner logic 
functions, and any output files from any of the foregoing 
(including device programming or simulation files), and any 
associated documentation or information are expressly subject 
to the terms and conditions of the Altera Program License 
Subscription Agreement, Altera MegaCore Function License 
Agreement, or other applicable license agreement, including, 
without limitation, that your use is for the sole purpose of 
programming logic devices manufactured by Altera and sold by 
Altera or its authorized distributors.  Please refer to the 
applicable agreement for further details.



+--------------------------------------------------------------------------------------+
; Analysis & Synthesis Summary                                                         ;
+------------------------------------+-------------------------------------------------+
; Analysis & Synthesis Status        ; Successful - Sat May 28 13:32:28 2016           ;
; Quartus II 64-Bit Version          ; 13.0.1 Build 232 06/12/2013 SP 1 SJ Web Edition ;
; Revision Name                      ; finalproject                                    ;
; Top-level Entity Name              ; proc                                            ;
; Family                             ; Cyclone II                                      ;
; Total logic elements               ; 274                                             ;
;     Total combinational functions  ; 189                                             ;
;     Dedicated logic registers      ; 106                                             ;
; Total registers                    ; 106                                             ;
; Total pins                         ; 110                                             ;
; Total virtual pins                 ; 0                                               ;
; Total memory bits                  ; 0                                               ;
; Embedded Multiplier 9-bit elements ; 0                                               ;
; Total PLLs                         ; 0                                               ;
+------------------------------------+-------------------------------------------------+


+----------------------------------------------------------------------------------------------------------------------+
; Analysis & Synthesis Settings                                                                                        ;
+----------------------------------------------------------------------------+--------------------+--------------------+
; Option                                                                     ; Setting            ; Default Value      ;
+----------------------------------------------------------------------------+--------------------+--------------------+
; Device                                                                     ; EP2C35F672C6       ;                    ;
; Top-level entity name                                                      ; proc               ; finalproject       ;
; Family name                                                                ; Cyclone II         ; Cyclone V          ;
; Use smart compilation                                                      ; Off                ; Off                ;
; Enable parallel Assembler and TimeQuest Timing Analyzer during compilation ; On                 ; On                 ;
; Enable compact report table                                                ; Off                ; Off                ;
; Restructure Multiplexers                                                   ; Auto               ; Auto               ;
; Create Debugging Nodes for IP Cores                                        ; Off                ; Off                ;
; Preserve fewer node names                                                  ; On                 ; On                 ;
; Disable OpenCore Plus hardware evaluation                                  ; Off                ; Off                ;
; Verilog Version                                                            ; Verilog_2001       ; Verilog_2001       ;
; VHDL Version                                                               ; VHDL_1993          ; VHDL_1993          ;
; State Machine Processing                                                   ; Auto               ; Auto               ;
; Safe State Machine                                                         ; Off                ; Off                ;
; Extract Verilog State Machines                                             ; On                 ; On                 ;
; Extract VHDL State Machines                                                ; On                 ; On                 ;
; Ignore Verilog initial constructs                                          ; Off                ; Off                ;
; Iteration limit for constant Verilog loops                                 ; 5000               ; 5000               ;
; Iteration limit for non-constant Verilog loops                             ; 250                ; 250                ;
; Add Pass-Through Logic to Inferred RAMs                                    ; On                 ; On                 ;
; Infer RAMs from Raw Logic                                                  ; On                 ; On                 ;
; Parallel Synthesis                                                         ; On                 ; On                 ;
; DSP Block Balancing                                                        ; Auto               ; Auto               ;
; NOT Gate Push-Back                                                         ; On                 ; On                 ;
; Power-Up Don't Care                                                        ; On                 ; On                 ;
; Remove Redundant Logic Cells                                               ; Off                ; Off                ;
; Remove Duplicate Registers                                                 ; On                 ; On                 ;
; Ignore CARRY Buffers                                                       ; Off                ; Off                ;
; Ignore CASCADE Buffers                                                     ; Off                ; Off                ;
; Ignore GLOBAL Buffers                                                      ; Off                ; Off                ;
; Ignore ROW GLOBAL Buffers                                                  ; Off                ; Off                ;
; Ignore LCELL Buffers                                                       ; Off                ; Off                ;
; Ignore SOFT Buffers                                                        ; On                 ; On                 ;
; Limit AHDL Integers to 32 Bits                                             ; Off                ; Off                ;
; Optimization Technique                                                     ; Balanced           ; Balanced           ;
; Carry Chain Length                                                         ; 70                 ; 70                 ;
; Auto Carry Chains                                                          ; On                 ; On                 ;
; Auto Open-Drain Pins                                                       ; On                 ; On                 ;
; Perform WYSIWYG Primitive Resynthesis                                      ; Off                ; Off                ;
; Auto ROM Replacement                                                       ; On                 ; On                 ;
; Auto RAM Replacement                                                       ; On                 ; On                 ;
; Auto Shift Register Replacement                                            ; Auto               ; Auto               ;
; Allow Shift Register Merging across Hierarchies                            ; Auto               ; Auto               ;
; Auto Clock Enable Replacement                                              ; On                 ; On                 ;
; Strict RAM Replacement                                                     ; Off                ; Off                ;
; Allow Synchronous Control Signals                                          ; On                 ; On                 ;
; Force Use of Synchronous Clear Signals                                     ; Off                ; Off                ;
; Auto RAM to Logic Cell Conversion                                          ; Off                ; Off                ;
; Auto Resource Sharing                                                      ; Off                ; Off                ;
; Allow Any RAM Size For Recognition                                         ; Off                ; Off                ;
; Allow Any ROM Size For Recognition                                         ; Off                ; Off                ;
; Allow Any Shift Register Size For Recognition                              ; Off                ; Off                ;
; Use LogicLock Constraints during Resource Balancing                        ; On                 ; On                 ;
; Ignore translate_off and synthesis_off directives                          ; Off                ; Off                ;
; Timing-Driven Synthesis                                                    ; Off                ; Off                ;
; Report Parameter Settings                                                  ; On                 ; On                 ;
; Report Source Assignments                                                  ; On                 ; On                 ;
; Report Connectivity Checks                                                 ; On                 ; On                 ;
; Ignore Maximum Fan-Out Assignments                                         ; Off                ; Off                ;
; Synchronization Register Chain Length                                      ; 2                  ; 2                  ;
; PowerPlay Power Optimization                                               ; Normal compilation ; Normal compilation ;
; HDL message level                                                          ; Level2             ; Level2             ;
; Suppress Register Optimization Related Messages                            ; Off                ; Off                ;
; Number of Removed Registers Reported in Synthesis Report                   ; 5000               ; 5000               ;
; Number of Swept Nodes Reported in Synthesis Report                         ; 5000               ; 5000               ;
; Number of Inverted Registers Reported in Synthesis Report                  ; 100                ; 100                ;
; Clock MUX Protection                                                       ; On                 ; On                 ;
; Auto Gated Clock Conversion                                                ; Off                ; Off                ;
; Block Design Naming                                                        ; Auto               ; Auto               ;
; SDC constraint protection                                                  ; Off                ; Off                ;
; Synthesis Effort                                                           ; Auto               ; Auto               ;
; Shift Register Replacement - Allow Asynchronous Clear Signal               ; On                 ; On                 ;
; Pre-Mapping Resynthesis Optimization                                       ; Off                ; Off                ;
; Analysis & Synthesis Message Level                                         ; Medium             ; Medium             ;
; Disable Register Merging Across Hierarchies                                ; Auto               ; Auto               ;
; Resource Aware Inference For Block RAM                                     ; On                 ; On                 ;
; Synthesis Seed                                                             ; 1                  ; 1                  ;
+----------------------------------------------------------------------------+--------------------+--------------------+


Parallel compilation was disabled, but you have multiple processors available. Enable parallel compilation to reduce compilation time.
+-------------------------------------+
; Parallel Compilation                ;
+----------------------------+--------+
; Processors                 ; Number ;
+----------------------------+--------+
; Number detected on machine ; 8      ;
; Maximum allowed            ; 1      ;
+----------------------------+--------+


+-----------------------------------------------------------------------------------------------------------------------------------------------------------------------+
; Analysis & Synthesis Source Files Read                                                                                                                                ;
+----------------------------------+-----------------+-----------------+--------------------------------------------------------------------------------------+---------+
; File Name with User-Entered Path ; Used in Netlist ; File Type       ; File Name with Absolute Path                                                         ; Library ;
+----------------------------------+-----------------+-----------------+--------------------------------------------------------------------------------------+---------+
; two_to_one_mux.vhd               ; yes             ; User VHDL File  ; C:/Users/Tom/Documents/Apps/gitzone/ELEC2602/FinalProject/two_to_one_mux.vhd         ;         ;
; sixteen_two_to_one_mux.vhd       ; yes             ; User VHDL File  ; C:/Users/Tom/Documents/Apps/gitzone/ELEC2602/FinalProject/sixteen_two_to_one_mux.vhd ;         ;
; sixteen_bit_xor.vhd              ; yes             ; User VHDL File  ; C:/Users/Tom/Documents/Apps/gitzone/ELEC2602/FinalProject/sixteen_bit_xor.vhd        ;         ;
; sixteen_bit_adder.vhd            ; yes             ; User VHDL File  ; C:/Users/Tom/Documents/Apps/gitzone/ELEC2602/FinalProject/sixteen_bit_adder.vhd      ;         ;
; bit_adder.vhd                    ; yes             ; User VHDL File  ; C:/Users/Tom/Documents/Apps/gitzone/ELEC2602/FinalProject/bit_adder.vhd              ;         ;
; Arithmetic_Logic_Unit.vhd        ; yes             ; User VHDL File  ; C:/Users/Tom/Documents/Apps/gitzone/ELEC2602/FinalProject/Arithmetic_Logic_Unit.vhd  ;         ;
; register16.vhd                   ; yes             ; User VHDL File  ; C:/Users/Tom/Documents/Apps/gitzone/ELEC2602/FinalProject/register16.vhd             ;         ;
; trin.vhd                         ; yes             ; User VHDL File  ; C:/Users/Tom/Documents/Apps/gitzone/ELEC2602/FinalProject/trin.vhd                   ;         ;
; controlunit.vhd                  ; yes             ; User VHDL File  ; C:/Users/Tom/Documents/Apps/gitzone/ELEC2602/FinalProject/controlunit.vhd            ;         ;
; hexdecode.vhd                    ; yes             ; User VHDL File  ; C:/Users/Tom/Documents/Apps/gitzone/ELEC2602/FinalProject/hexdecode.vhd              ;         ;
; proc.vhd                         ; yes             ; User VHDL File  ; C:/Users/Tom/Documents/Apps/gitzone/ELEC2602/FinalProject/proc.vhd                   ;         ;
+----------------------------------+-----------------+-----------------+--------------------------------------------------------------------------------------+---------+


+-----------------------------------------------------+
; Analysis & Synthesis Resource Usage Summary         ;
+---------------------------------------------+-------+
; Resource                                    ; Usage ;
+---------------------------------------------+-------+
; Estimated Total logic elements              ; 274   ;
;                                             ;       ;
; Total combinational functions               ; 189   ;
; Logic element usage by number of LUT inputs ;       ;
;     -- 4 input functions                    ; 143   ;
;     -- 3 input functions                    ; 31    ;
;     -- <=2 input functions                  ; 15    ;
;                                             ;       ;
; Logic elements by mode                      ;       ;
;     -- normal mode                          ; 189   ;
;     -- arithmetic mode                      ; 0     ;
;                                             ;       ;
; Total registers                             ; 106   ;
;     -- Dedicated logic registers            ; 106   ;
;     -- I/O registers                        ; 0     ;
;                                             ;       ;
; I/O pins                                    ; 110   ;
; Embedded Multiplier 9-bit elements          ; 0     ;
; Maximum fan-out node                        ; KEY0  ;
; Maximum fan-out                             ; 106   ;
; Total fan-out                               ; 1107  ;
; Average fan-out                             ; 2.73  ;
+---------------------------------------------+-------+


+----------------------------------------------------------------------------------------------------------------------------------------------------------------------------------------------------------------------------------------------------------------------+
; Analysis & Synthesis Resource Utilization by Entity                                                                                                                                                                                                                  ;
+--------------------------------------------+-------------------+--------------+-------------+--------------+---------+-----------+------+--------------+----------------------------------------------------------------------------------------------+--------------+
; Compilation Hierarchy Node                 ; LC Combinationals ; LC Registers ; Memory Bits ; DSP Elements ; DSP 9x9 ; DSP 18x18 ; Pins ; Virtual Pins ; Full Hierarchy Name                                                                          ; Library Name ;
+--------------------------------------------+-------------------+--------------+-------------+--------------+---------+-----------+------+--------------+----------------------------------------------------------------------------------------------+--------------+
; |proc                                      ; 189 (0)           ; 106 (0)      ; 0           ; 0            ; 0       ; 0         ; 110  ; 0            ; |proc                                                                                        ; work         ;
;    |Arithmetic_Logic_Unit:ALU|             ; 41 (0)            ; 0 (0)        ; 0           ; 0            ; 0       ; 0         ; 0    ; 0            ; |proc|Arithmetic_Logic_Unit:ALU                                                              ; work         ;
;       |sixteen_bit_adder:adderres|         ; 17 (0)            ; 0 (0)        ; 0           ; 0            ; 0       ; 0         ; 0    ; 0            ; |proc|Arithmetic_Logic_Unit:ALU|sixteen_bit_adder:adderres                                   ; work         ;
;          |bit_adder:fa11|                  ; 3 (1)             ; 0 (0)        ; 0           ; 0            ; 0       ; 0         ; 0    ; 0            ; |proc|Arithmetic_Logic_Unit:ALU|sixteen_bit_adder:adderres|bit_adder:fa11                    ; work         ;
;             |two_to_one_mux:mux|           ; 2 (2)             ; 0 (0)        ; 0           ; 0            ; 0       ; 0         ; 0    ; 0            ; |proc|Arithmetic_Logic_Unit:ALU|sixteen_bit_adder:adderres|bit_adder:fa11|two_to_one_mux:mux ; work         ;
;          |bit_adder:fa12|                  ; 1 (0)             ; 0 (0)        ; 0           ; 0            ; 0       ; 0         ; 0    ; 0            ; |proc|Arithmetic_Logic_Unit:ALU|sixteen_bit_adder:adderres|bit_adder:fa12                    ; work         ;
;             |two_to_one_mux:mux|           ; 1 (1)             ; 0 (0)        ; 0           ; 0            ; 0       ; 0         ; 0    ; 0            ; |proc|Arithmetic_Logic_Unit:ALU|sixteen_bit_adder:adderres|bit_adder:fa12|two_to_one_mux:mux ; work         ;
;          |bit_adder:fa13|                  ; 1 (0)             ; 0 (0)        ; 0           ; 0            ; 0       ; 0         ; 0    ; 0            ; |proc|Arithmetic_Logic_Unit:ALU|sixteen_bit_adder:adderres|bit_adder:fa13                    ; work         ;
;             |two_to_one_mux:mux|           ; 1 (1)             ; 0 (0)        ; 0           ; 0            ; 0       ; 0         ; 0    ; 0            ; |proc|Arithmetic_Logic_Unit:ALU|sixteen_bit_adder:adderres|bit_adder:fa13|two_to_one_mux:mux ; work         ;
;          |bit_adder:fa1|                   ; 1 (0)             ; 0 (0)        ; 0           ; 0            ; 0       ; 0         ; 0    ; 0            ; |proc|Arithmetic_Logic_Unit:ALU|sixteen_bit_adder:adderres|bit_adder:fa1                     ; work         ;
;             |two_to_one_mux:mux|           ; 1 (1)             ; 0 (0)        ; 0           ; 0            ; 0       ; 0         ; 0    ; 0            ; |proc|Arithmetic_Logic_Unit:ALU|sixteen_bit_adder:adderres|bit_adder:fa1|two_to_one_mux:mux  ; work         ;
;          |bit_adder:fa3|                   ; 3 (1)             ; 0 (0)        ; 0           ; 0            ; 0       ; 0         ; 0    ; 0            ; |proc|Arithmetic_Logic_Unit:ALU|sixteen_bit_adder:adderres|bit_adder:fa3                     ; work         ;
;             |two_to_one_mux:mux|           ; 2 (2)             ; 0 (0)        ; 0           ; 0            ; 0       ; 0         ; 0    ; 0            ; |proc|Arithmetic_Logic_Unit:ALU|sixteen_bit_adder:adderres|bit_adder:fa3|two_to_one_mux:mux  ; work         ;
;          |bit_adder:fa4|                   ; 1 (0)             ; 0 (0)        ; 0           ; 0            ; 0       ; 0         ; 0    ; 0            ; |proc|Arithmetic_Logic_Unit:ALU|sixteen_bit_adder:adderres|bit_adder:fa4                     ; work         ;
;             |two_to_one_mux:mux|           ; 1 (1)             ; 0 (0)        ; 0           ; 0            ; 0       ; 0         ; 0    ; 0            ; |proc|Arithmetic_Logic_Unit:ALU|sixteen_bit_adder:adderres|bit_adder:fa4|two_to_one_mux:mux  ; work         ;
;          |bit_adder:fa5|                   ; 1 (0)             ; 0 (0)        ; 0           ; 0            ; 0       ; 0         ; 0    ; 0            ; |proc|Arithmetic_Logic_Unit:ALU|sixteen_bit_adder:adderres|bit_adder:fa5                     ; work         ;
;             |two_to_one_mux:mux|           ; 1 (1)             ; 0 (0)        ; 0           ; 0            ; 0       ; 0         ; 0    ; 0            ; |proc|Arithmetic_Logic_Unit:ALU|sixteen_bit_adder:adderres|bit_adder:fa5|two_to_one_mux:mux  ; work         ;
;          |bit_adder:fa7|                   ; 3 (1)             ; 0 (0)        ; 0           ; 0            ; 0       ; 0         ; 0    ; 0            ; |proc|Arithmetic_Logic_Unit:ALU|sixteen_bit_adder:adderres|bit_adder:fa7                     ; work         ;
;             |two_to_one_mux:mux|           ; 2 (2)             ; 0 (0)        ; 0           ; 0            ; 0       ; 0         ; 0    ; 0            ; |proc|Arithmetic_Logic_Unit:ALU|sixteen_bit_adder:adderres|bit_adder:fa7|two_to_one_mux:mux  ; work         ;
;          |bit_adder:fa8|                   ; 1 (0)             ; 0 (0)        ; 0           ; 0            ; 0       ; 0         ; 0    ; 0            ; |proc|Arithmetic_Logic_Unit:ALU|sixteen_bit_adder:adderres|bit_adder:fa8                     ; work         ;
;             |two_to_one_mux:mux|           ; 1 (1)             ; 0 (0)        ; 0           ; 0            ; 0       ; 0         ; 0    ; 0            ; |proc|Arithmetic_Logic_Unit:ALU|sixteen_bit_adder:adderres|bit_adder:fa8|two_to_one_mux:mux  ; work         ;
;          |bit_adder:fa9|                   ; 2 (0)             ; 0 (0)        ; 0           ; 0            ; 0       ; 0         ; 0    ; 0            ; |proc|Arithmetic_Logic_Unit:ALU|sixteen_bit_adder:adderres|bit_adder:fa9                     ; work         ;
;             |two_to_one_mux:mux|           ; 2 (2)             ; 0 (0)        ; 0           ; 0            ; 0       ; 0         ; 0    ; 0            ; |proc|Arithmetic_Logic_Unit:ALU|sixteen_bit_adder:adderres|bit_adder:fa9|two_to_one_mux:mux  ; work         ;
;       |sixteen_bit_xor:xorres|             ; 7 (7)             ; 0 (0)        ; 0           ; 0            ; 0       ; 0         ; 0    ; 0            ; |proc|Arithmetic_Logic_Unit:ALU|sixteen_bit_xor:xorres                                       ; work         ;
;       |sixteen_two_to_one_mux:sixteen_mux| ; 17 (17)           ; 0 (0)        ; 0           ; 0            ; 0       ; 0         ; 0    ; 0            ; |proc|Arithmetic_Logic_Unit:ALU|sixteen_two_to_one_mux:sixteen_mux                           ; work         ;
;    |controlunit:cont|                      ; 26 (26)           ; 10 (10)      ; 0           ; 0            ; 0       ; 0         ; 0    ; 0            ; |proc|controlunit:cont                                                                       ; work         ;
;    |hexdecode:hexdec0|                     ; 7 (7)             ; 0 (0)        ; 0           ; 0            ; 0       ; 0         ; 0    ; 0            ; |proc|hexdecode:hexdec0                                                                      ; work         ;
;    |hexdecode:hexdec1|                     ; 7 (7)             ; 0 (0)        ; 0           ; 0            ; 0       ; 0         ; 0    ; 0            ; |proc|hexdecode:hexdec1                                                                      ; work         ;
;    |hexdecode:hexdec2|                     ; 7 (7)             ; 0 (0)        ; 0           ; 0            ; 0       ; 0         ; 0    ; 0            ; |proc|hexdecode:hexdec2                                                                      ; work         ;
;    |hexdecode:hexdec3|                     ; 7 (7)             ; 0 (0)        ; 0           ; 0            ; 0       ; 0         ; 0    ; 0            ; |proc|hexdecode:hexdec3                                                                      ; work         ;
;    |hexdecode:hexdec4|                     ; 7 (7)             ; 0 (0)        ; 0           ; 0            ; 0       ; 0         ; 0    ; 0            ; |proc|hexdecode:hexdec4                                                                      ; work         ;
;    |hexdecode:hexdec5|                     ; 7 (7)             ; 0 (0)        ; 0           ; 0            ; 0       ; 0         ; 0    ; 0            ; |proc|hexdecode:hexdec5                                                                      ; work         ;
;    |hexdecode:hexdec6|                     ; 7 (7)             ; 0 (0)        ; 0           ; 0            ; 0       ; 0         ; 0    ; 0            ; |proc|hexdecode:hexdec6                                                                      ; work         ;
;    |hexdecode:hexdec7|                     ; 7 (7)             ; 0 (0)        ; 0           ; 0            ; 0       ; 0         ; 0    ; 0            ; |proc|hexdecode:hexdec7                                                                      ; work         ;
;    |register16:regA|                       ; 0 (0)             ; 16 (16)      ; 0           ; 0            ; 0       ; 0         ; 0    ; 0            ; |proc|register16:regA                                                                        ; work         ;
;    |register16:regG|                       ; 0 (0)             ; 16 (16)      ; 0           ; 0            ; 0       ; 0         ; 0    ; 0            ; |proc|register16:regG                                                                        ; work         ;
;    |register16:regR0|                      ; 0 (0)             ; 16 (16)      ; 0           ; 0            ; 0       ; 0         ; 0    ; 0            ; |proc|register16:regR0                                                                       ; work         ;
;    |register16:regR1|                      ; 0 (0)             ; 16 (16)      ; 0           ; 0            ; 0       ; 0         ; 0    ; 0            ; |proc|register16:regR1                                                                       ; work         ;
;    |register16:regR2|                      ; 0 (0)             ; 16 (16)      ; 0           ; 0            ; 0       ; 0         ; 0    ; 0            ; |proc|register16:regR2                                                                       ; work         ;
;    |register16:regR3|                      ; 0 (0)             ; 16 (16)      ; 0           ; 0            ; 0       ; 0         ; 0    ; 0            ; |proc|register16:regR3                                                                       ; work         ;
;    |trin:triD|                             ; 66 (66)           ; 0 (0)        ; 0           ; 0            ; 0       ; 0         ; 0    ; 0            ; |proc|trin:triD                                                                              ; work         ;
+--------------------------------------------+-------------------+--------------+-------------+--------------+---------+-----------+------+--------------+----------------------------------------------------------------------------------------------+--------------+
Note: For table entries with two numbers listed, the numbers in parentheses indicate the number of resources of the given type used by the specific entity alone. The numbers listed outside of parentheses indicate the total resources of the given type used by the specific entity and all of its sub-entities in the hierarchy.


Encoding Type:  One-Hot
+---------------------------------------------------------------------------------------------------------------------------------------------------------------------------------------------+
; State Machine - |proc|controlunit:cont|Y_present                                                                                                                                            ;
+-----------------+----------------+----------------+----------------+----------------+----------------+----------------+---------------+-----------------+-----------------+-----------------+
; Name            ; Y_present.ADD2 ; Y_present.ADD1 ; Y_present.ADD0 ; Y_present.XOR2 ; Y_present.XOR1 ; Y_present.XOR0 ; Y_present.MOV ; Y_present.LOAD1 ; Y_present.LOAD0 ; Y_present.RESET ;
+-----------------+----------------+----------------+----------------+----------------+----------------+----------------+---------------+-----------------+-----------------+-----------------+
; Y_present.RESET ; 0              ; 0              ; 0              ; 0              ; 0              ; 0              ; 0             ; 0               ; 0               ; 0               ;
; Y_present.LOAD0 ; 0              ; 0              ; 0              ; 0              ; 0              ; 0              ; 0             ; 0               ; 1               ; 1               ;
; Y_present.LOAD1 ; 0              ; 0              ; 0              ; 0              ; 0              ; 0              ; 0             ; 1               ; 0               ; 1               ;
; Y_present.MOV   ; 0              ; 0              ; 0              ; 0              ; 0              ; 0              ; 1             ; 0               ; 0               ; 1               ;
; Y_present.XOR0  ; 0              ; 0              ; 0              ; 0              ; 0              ; 1              ; 0             ; 0               ; 0               ; 1               ;
; Y_present.XOR1  ; 0              ; 0              ; 0              ; 0              ; 1              ; 0              ; 0             ; 0               ; 0               ; 1               ;
; Y_present.XOR2  ; 0              ; 0              ; 0              ; 1              ; 0              ; 0              ; 0             ; 0               ; 0               ; 1               ;
; Y_present.ADD0  ; 0              ; 0              ; 1              ; 0              ; 0              ; 0              ; 0             ; 0               ; 0               ; 1               ;
; Y_present.ADD1  ; 0              ; 1              ; 0              ; 0              ; 0              ; 0              ; 0             ; 0               ; 0               ; 1               ;
; Y_present.ADD2  ; 1              ; 0              ; 0              ; 0              ; 0              ; 0              ; 0             ; 0               ; 0               ; 1               ;
+-----------------+----------------+----------------+----------------+----------------+----------------+----------------+---------------+-----------------+-----------------+-----------------+


+--------------------------------------------------------------------------------------------------------+
; User-Specified and Inferred Latches                                                                    ;
+----------------------------------------------------+--------------------------+------------------------+
; Latch Name                                         ; Latch Enable Signal      ; Free of Timing Hazards ;
+----------------------------------------------------+--------------------------+------------------------+
; controlunit:cont|temp[3]                           ; controlunit:cont|temp[2] ; yes                    ;
; controlunit:cont|temp[2]                           ; controlunit:cont|temp[2] ; yes                    ;
; controlunit:cont|temp[0]                           ; controlunit:cont|temp[2] ; yes                    ;
; controlunit:cont|temp[1]                           ; controlunit:cont|temp[2] ; yes                    ;
; Number of user-specified and inferred latches = 4  ;                          ;                        ;
+----------------------------------------------------+--------------------------+------------------------+
Note: All latches listed above may not be present at the end of synthesis due to various synthesis optimizations.


+------------------------------------------------------+
; General Register Statistics                          ;
+----------------------------------------------+-------+
; Statistic                                    ; Value ;
+----------------------------------------------+-------+
; Total registers                              ; 106   ;
; Number of registers using Synchronous Clear  ; 0     ;
; Number of registers using Synchronous Load   ; 0     ;
; Number of registers using Asynchronous Clear ; 0     ;
; Number of registers using Asynchronous Load  ; 0     ;
; Number of registers using Clock Enable       ; 96    ;
; Number of registers using Preset             ; 0     ;
+----------------------------------------------+-------+


+---------------------------------------------------------+
; Parameter Settings for User Entity Instance: trin:triR0 ;
+----------------+-------+--------------------------------+
; Parameter Name ; Value ; Type                           ;
+----------------+-------+--------------------------------+
; N              ; 16    ; Signed Integer                 ;
+----------------+-------+--------------------------------+
Note: In order to hide this table in the UI and the text report file, please set the "Show Parameter Settings in Synthesis Report" option in "Analysis and Synthesis Settings -> More Settings" to "Off".


+---------------------------------------------------------+
; Parameter Settings for User Entity Instance: trin:triR1 ;
+----------------+-------+--------------------------------+
; Parameter Name ; Value ; Type                           ;
+----------------+-------+--------------------------------+
; N              ; 16    ; Signed Integer                 ;
+----------------+-------+--------------------------------+
Note: In order to hide this table in the UI and the text report file, please set the "Show Parameter Settings in Synthesis Report" option in "Analysis and Synthesis Settings -> More Settings" to "Off".


+---------------------------------------------------------+
; Parameter Settings for User Entity Instance: trin:triR2 ;
+----------------+-------+--------------------------------+
; Parameter Name ; Value ; Type                           ;
+----------------+-------+--------------------------------+
; N              ; 16    ; Signed Integer                 ;
+----------------+-------+--------------------------------+
Note: In order to hide this table in the UI and the text report file, please set the "Show Parameter Settings in Synthesis Report" option in "Analysis and Synthesis Settings -> More Settings" to "Off".


+---------------------------------------------------------+
; Parameter Settings for User Entity Instance: trin:triR3 ;
+----------------+-------+--------------------------------+
; Parameter Name ; Value ; Type                           ;
+----------------+-------+--------------------------------+
; N              ; 16    ; Signed Integer                 ;
+----------------+-------+--------------------------------+
Note: In order to hide this table in the UI and the text report file, please set the "Show Parameter Settings in Synthesis Report" option in "Analysis and Synthesis Settings -> More Settings" to "Off".


+--------------------------------------------------------+
; Parameter Settings for User Entity Instance: trin:triG ;
+----------------+-------+-------------------------------+
; Parameter Name ; Value ; Type                          ;
+----------------+-------+-------------------------------+
; N              ; 16    ; Signed Integer                ;
+----------------+-------+-------------------------------+
Note: In order to hide this table in the UI and the text report file, please set the "Show Parameter Settings in Synthesis Report" option in "Analysis and Synthesis Settings -> More Settings" to "Off".


+--------------------------------------------------------+
; Parameter Settings for User Entity Instance: trin:triD ;
+----------------+-------+-------------------------------+
; Parameter Name ; Value ; Type                          ;
+----------------+-------+-------------------------------+
; N              ; 16    ; Signed Integer                ;
+----------------+-------+-------------------------------+
Note: In order to hide this table in the UI and the text report file, please set the "Show Parameter Settings in Synthesis Report" option in "Analysis and Synthesis Settings -> More Settings" to "Off".


+-------------------------------------------------------------------------------------------------------------------------------------+
; Port Connectivity Checks: "controlunit:cont"                                                                                        ;
+------+--------+----------+----------------------------------------------------------------------------------------------------------+
; Port ; Type   ; Severity ; Details                                                                                                  ;
+------+--------+----------+----------------------------------------------------------------------------------------------------------+
; done ; Output ; Warning  ; Declared by entity but not connected by instance. Logic that only feeds a dangling port will be removed. ;
+------+--------+----------+----------------------------------------------------------------------------------------------------------+


+----------------------------------------------------------------------------------------------------------------+
; Port Connectivity Checks: "Arithmetic_Logic_Unit:ALU|sixteen_bit_adder:adderres|bit_adder:fa15"                ;
+------+--------+----------+-------------------------------------------------------------------------------------+
; Port ; Type   ; Severity ; Details                                                                             ;
+------+--------+----------+-------------------------------------------------------------------------------------+
; cout ; Output ; Info     ; Connected to dangling logic. Logic that only feeds a dangling port will be removed. ;
+------+--------+----------+-------------------------------------------------------------------------------------+


+------------------------------------------------------------------------------------------------+
; Port Connectivity Checks: "Arithmetic_Logic_Unit:ALU|sixteen_bit_adder:adderres|bit_adder:fa0" ;
+------+-------+----------+----------------------------------------------------------------------+
; Port ; Type  ; Severity ; Details                                                              ;
+------+-------+----------+----------------------------------------------------------------------+
; cin  ; Input ; Info     ; Stuck at GND                                                         ;
+------+-------+----------+----------------------------------------------------------------------+


+-------------------------------+
; Elapsed Time Per Partition    ;
+----------------+--------------+
; Partition Name ; Elapsed Time ;
+----------------+--------------+
; Top            ; 00:00:00     ;
+----------------+--------------+


+-------------------------------+
; Analysis & Synthesis Messages ;
+-------------------------------+
Info: *******************************************************************
Info: Running Quartus II 64-Bit Analysis & Synthesis
    Info: Version 13.0.1 Build 232 06/12/2013 Service Pack 1 SJ Web Edition
    Info: Processing started: Sat May 28 13:32:26 2016
Info: Command: quartus_map --read_settings_files=on --write_settings_files=off finalproject -c finalproject
Warning (20028): Parallel compilation is not licensed and has been disabled
Info (12021): Found 2 design units, including 1 entities, in source file two_to_one_mux.vhd
    Info (12022): Found design unit 1: two_to_one_mux-Behaviour
    Info (12023): Found entity 1: two_to_one_mux
Info (12021): Found 2 design units, including 1 entities, in source file sixteen_two_to_one_mux.vhd
    Info (12022): Found design unit 1: sixteen_two_to_one_mux-Behaviour
    Info (12023): Found entity 1: sixteen_two_to_one_mux
Info (12021): Found 2 design units, including 1 entities, in source file sixteen_bit_xor.vhd
    Info (12022): Found design unit 1: sixteen_bit_xor-structure
    Info (12023): Found entity 1: sixteen_bit_xor
Info (12021): Found 2 design units, including 1 entities, in source file sixteen_bit_adder.vhd
    Info (12022): Found design unit 1: sixteen_bit_adder-Structure
    Info (12023): Found entity 1: sixteen_bit_adder
Info (12021): Found 2 design units, including 1 entities, in source file bit_adder.vhd
    Info (12022): Found design unit 1: bit_adder-Structure
    Info (12023): Found entity 1: bit_adder
Info (12021): Found 2 design units, including 1 entities, in source file arithmetic_logic_unit.vhd
    Info (12022): Found design unit 1: Arithmetic_Logic_Unit-Structure
    Info (12023): Found entity 1: Arithmetic_Logic_Unit
Info (12021): Found 2 design units, including 1 entities, in source file register16.vhd
    Info (12022): Found design unit 1: register16-Structural
    Info (12023): Found entity 1: register16
Info (12021): Found 2 design units, including 1 entities, in source file tristate.vhd
    Info (12022): Found design unit 1: tristate-behavioural
    Info (12023): Found entity 1: tristate
Info (12021): Found 2 design units, including 1 entities, in source file trin.vhd
    Info (12022): Found design unit 1: trin-Behavior
    Info (12023): Found entity 1: trin
Info (12021): Found 2 design units, including 1 entities, in source file controlunit.vhd
    Info (12022): Found design unit 1: controlunit-Behavior
    Info (12023): Found entity 1: controlunit
Info (12021): Found 2 design units, including 1 entities, in source file hexdecode.vhd
    Info (12022): Found design unit 1: hexdecode-behaviour
    Info (12023): Found entity 1: hexdecode
Info (12021): Found 2 design units, including 1 entities, in source file proc.vhd
    Info (12022): Found design unit 1: proc-Behaviour
    Info (12023): Found entity 1: proc
Info (12127): Elaborating entity "proc" for the top level hierarchy
Warning (10541): VHDL Signal Declaration warning at proc.vhd(81): used implicit default value for signal "Reset" because signal was never assigned a value or an explicit default value. Use of implicit default value may introduce unintended design optimizations.
Info (12128): Elaborating entity "register16" for hierarchy "register16:regR0"
Info (12128): Elaborating entity "hexdecode" for hierarchy "hexdecode:hexdec0"
Info (12128): Elaborating entity "trin" for hierarchy "trin:triR0"
Info (12128): Elaborating entity "Arithmetic_Logic_Unit" for hierarchy "Arithmetic_Logic_Unit:ALU"
Info (12128): Elaborating entity "sixteen_bit_adder" for hierarchy "Arithmetic_Logic_Unit:ALU|sixteen_bit_adder:adderres"
Info (12128): Elaborating entity "bit_adder" for hierarchy "Arithmetic_Logic_Unit:ALU|sixteen_bit_adder:adderres|bit_adder:fa0"
Info (12128): Elaborating entity "two_to_one_mux" for hierarchy "Arithmetic_Logic_Unit:ALU|sixteen_bit_adder:adderres|bit_adder:fa0|two_to_one_mux:mux"
Info (12128): Elaborating entity "sixteen_bit_xor" for hierarchy "Arithmetic_Logic_Unit:ALU|sixteen_bit_xor:xorres"
Info (12128): Elaborating entity "sixteen_two_to_one_mux" for hierarchy "Arithmetic_Logic_Unit:ALU|sixteen_two_to_one_mux:sixteen_mux"
Info (12128): Elaborating entity "controlunit" for hierarchy "controlunit:cont"
Warning (10492): VHDL Process Statement warning at controlunit.vhd(29): signal "Res" is read inside the Process Statement but isn't in the Process Statement's sensitivity list
Warning (10492): VHDL Process Statement warning at controlunit.vhd(55): signal "Y_present" is read inside the Process Statement but isn't in the Process Statement's sensitivity list
Warning (10492): VHDL Process Statement warning at controlunit.vhd(58): signal "funct" is read inside the Process Statement but isn't in the Process Statement's sensitivity list
Warning (10492): VHDL Process Statement warning at controlunit.vhd(59): signal "funct" is read inside the Process Statement but isn't in the Process Statement's sensitivity list
Warning (10492): VHDL Process Statement warning at controlunit.vhd(60): signal "funct" is read inside the Process Statement but isn't in the Process Statement's sensitivity list
Warning (10492): VHDL Process Statement warning at controlunit.vhd(61): signal "funct" is read inside the Process Statement but isn't in the Process Statement's sensitivity list
Warning (10492): VHDL Process Statement warning at controlunit.vhd(62): signal "funct" is read inside the Process Statement but isn't in the Process Statement's sensitivity list
Warning (10492): VHDL Process Statement warning at controlunit.vhd(64): signal "funct" is read inside the Process Statement but isn't in the Process Statement's sensitivity list
Warning (10492): VHDL Process Statement warning at controlunit.vhd(66): signal "funct" is read inside the Process Statement but isn't in the Process Statement's sensitivity list
Warning (10492): VHDL Process Statement warning at controlunit.vhd(68): signal "funct" is read inside the Process Statement but isn't in the Process Statement's sensitivity list
Warning (10492): VHDL Process Statement warning at controlunit.vhd(80): signal "temp" is read inside the Process Statement but isn't in the Process Statement's sensitivity list
Warning (10492): VHDL Process Statement warning at controlunit.vhd(81): signal "temp" is read inside the Process Statement but isn't in the Process Statement's sensitivity list
Warning (10492): VHDL Process Statement warning at controlunit.vhd(82): signal "temp" is read inside the Process Statement but isn't in the Process Statement's sensitivity list
Warning (10492): VHDL Process Statement warning at controlunit.vhd(83): signal "temp" is read inside the Process Statement but isn't in the Process Statement's sensitivity list
Warning (10492): VHDL Process Statement warning at controlunit.vhd(89): signal "funct" is read inside the Process Statement but isn't in the Process Statement's sensitivity list
Warning (10492): VHDL Process Statement warning at controlunit.vhd(90): signal "funct" is read inside the Process Statement but isn't in the Process Statement's sensitivity list
Warning (10492): VHDL Process Statement warning at controlunit.vhd(91): signal "funct" is read inside the Process Statement but isn't in the Process Statement's sensitivity list
Warning (10492): VHDL Process Statement warning at controlunit.vhd(92): signal "funct" is read inside the Process Statement but isn't in the Process Statement's sensitivity list
Warning (10492): VHDL Process Statement warning at controlunit.vhd(94): signal "funct" is read inside the Process Statement but isn't in the Process Statement's sensitivity list
Warning (10492): VHDL Process Statement warning at controlunit.vhd(95): signal "funct" is read inside the Process Statement but isn't in the Process Statement's sensitivity list
Warning (10492): VHDL Process Statement warning at controlunit.vhd(96): signal "funct" is read inside the Process Statement but isn't in the Process Statement's sensitivity list
Warning (10492): VHDL Process Statement warning at controlunit.vhd(97): signal "funct" is read inside the Process Statement but isn't in the Process Statement's sensitivity list
Warning (10492): VHDL Process Statement warning at controlunit.vhd(105): signal "funct" is read inside the Process Statement but isn't in the Process Statement's sensitivity list
Warning (10492): VHDL Process Statement warning at controlunit.vhd(106): signal "funct" is read inside the Process Statement but isn't in the Process Statement's sensitivity list
Warning (10492): VHDL Process Statement warning at controlunit.vhd(107): signal "funct" is read inside the Process Statement but isn't in the Process Statement's sensitivity list
Warning (10492): VHDL Process Statement warning at controlunit.vhd(108): signal "funct" is read inside the Process Statement but isn't in the Process Statement's sensitivity list
Warning (10492): VHDL Process Statement warning at controlunit.vhd(115): signal "funct" is read inside the Process Statement but isn't in the Process Statement's sensitivity list
Warning (10492): VHDL Process Statement warning at controlunit.vhd(116): signal "funct" is read inside the Process Statement but isn't in the Process Statement's sensitivity list
Warning (10492): VHDL Process Statement warning at controlunit.vhd(117): signal "funct" is read inside the Process Statement but isn't in the Process Statement's sensitivity list
Warning (10492): VHDL Process Statement warning at controlunit.vhd(118): signal "funct" is read inside the Process Statement but isn't in the Process Statement's sensitivity list
Warning (10492): VHDL Process Statement warning at controlunit.vhd(125): signal "funct" is read inside the Process Statement but isn't in the Process Statement's sensitivity list
Warning (10492): VHDL Process Statement warning at controlunit.vhd(126): signal "funct" is read inside the Process Statement but isn't in the Process Statement's sensitivity list
Warning (10492): VHDL Process Statement warning at controlunit.vhd(127): signal "funct" is read inside the Process Statement but isn't in the Process Statement's sensitivity list
Warning (10492): VHDL Process Statement warning at controlunit.vhd(128): signal "funct" is read inside the Process Statement but isn't in the Process Statement's sensitivity list
Warning (10492): VHDL Process Statement warning at controlunit.vhd(136): signal "funct" is read inside the Process Statement but isn't in the Process Statement's sensitivity list
Warning (10492): VHDL Process Statement warning at controlunit.vhd(137): signal "funct" is read inside the Process Statement but isn't in the Process Statement's sensitivity list
Warning (10492): VHDL Process Statement warning at controlunit.vhd(138): signal "funct" is read inside the Process Statement but isn't in the Process Statement's sensitivity list
Warning (10492): VHDL Process Statement warning at controlunit.vhd(139): signal "funct" is read inside the Process Statement but isn't in the Process Statement's sensitivity list
Warning (10492): VHDL Process Statement warning at controlunit.vhd(145): signal "funct" is read inside the Process Statement but isn't in the Process Statement's sensitivity list
Warning (10492): VHDL Process Statement warning at controlunit.vhd(146): signal "funct" is read inside the Process Statement but isn't in the Process Statement's sensitivity list
Warning (10492): VHDL Process Statement warning at controlunit.vhd(147): signal "funct" is read inside the Process Statement but isn't in the Process Statement's sensitivity list
Warning (10492): VHDL Process Statement warning at controlunit.vhd(148): signal "funct" is read inside the Process Statement but isn't in the Process Statement's sensitivity list
Warning (10492): VHDL Process Statement warning at controlunit.vhd(156): signal "funct" is read inside the Process Statement but isn't in the Process Statement's sensitivity list
Warning (10492): VHDL Process Statement warning at controlunit.vhd(157): signal "funct" is read inside the Process Statement but isn't in the Process Statement's sensitivity list
Warning (10492): VHDL Process Statement warning at controlunit.vhd(158): signal "funct" is read inside the Process Statement but isn't in the Process Statement's sensitivity list
Warning (10492): VHDL Process Statement warning at controlunit.vhd(159): signal "funct" is read inside the Process Statement but isn't in the Process Statement's sensitivity list
Warning (10631): VHDL Process Statement warning at controlunit.vhd(26): inferring latch(es) for signal or variable "temp", which holds its previous value in one or more paths through the process
Info (10041): Inferred latch for "temp[0]" at controlunit.vhd(26)
Info (10041): Inferred latch for "temp[1]" at controlunit.vhd(26)
Info (10041): Inferred latch for "temp[2]" at controlunit.vhd(26)
Info (10041): Inferred latch for "temp[3]" at controlunit.vhd(26)
Warning (12241): 1 hierarchies have connectivity warnings - see the Connectivity Checks report folder
Warning (18029): Output pin "LEDR[0]" driven by bidirectional pin "BusWires[0]" cannot be tri-stated
Warning (18029): Output pin "LEDR[1]" driven by bidirectional pin "BusWires[1]" cannot be tri-stated
Warning (18029): Output pin "LEDR[2]" driven by bidirectional pin "BusWires[2]" cannot be tri-stated
Warning (18029): Output pin "LEDR[3]" driven by bidirectional pin "BusWires[3]" cannot be tri-stated
Warning (18029): Output pin "LEDR[4]" driven by bidirectional pin "BusWires[4]" cannot be tri-stated
Warning (18029): Output pin "LEDR[5]" driven by bidirectional pin "BusWires[5]" cannot be tri-stated
Warning (18029): Output pin "LEDR[6]" driven by bidirectional pin "BusWires[6]" cannot be tri-stated
Warning (18029): Output pin "LEDR[7]" driven by bidirectional pin "BusWires[7]" cannot be tri-stated
Warning (18029): Output pin "LEDR[8]" driven by bidirectional pin "BusWires[8]" cannot be tri-stated
Warning (18029): Output pin "LEDR[9]" driven by bidirectional pin "BusWires[9]" cannot be tri-stated
Warning (18029): Output pin "LEDR[10]" driven by bidirectional pin "BusWires[10]" cannot be tri-stated
Warning (18029): Output pin "LEDR[11]" driven by bidirectional pin "BusWires[11]" cannot be tri-stated
Warning (18029): Output pin "LEDR[12]" driven by bidirectional pin "BusWires[12]" cannot be tri-stated
Warning (18029): Output pin "LEDR[13]" driven by bidirectional pin "BusWires[13]" cannot be tri-stated
Warning (18029): Output pin "LEDR[14]" driven by bidirectional pin "BusWires[14]" cannot be tri-stated
Warning (18029): Output pin "LEDR[15]" driven by bidirectional pin "BusWires[15]" cannot be tri-stated
Info (16010): Generating hard_block partition "hard_block:auto_generated_inst"
    Info (16011): Adding 0 node(s), including 0 DDIO, 0 PLL, 0 transceiver and 0 LCELL
Warning (21074): Design contains 5 input pin(s) that do not drive logic
    Warning (15610): No output dependent on input pin "SW[16]"
    Warning (15610): No output dependent on input pin "SW[17]"
    Warning (15610): No output dependent on input pin "KEY1"
    Warning (15610): No output dependent on input pin "KEY2"
    Warning (15610): No output dependent on input pin "KEY3"
Info (21057): Implemented 385 device resources after synthesis - the final resource count might be different
    Info (21058): Implemented 22 input pins
    Info (21059): Implemented 72 output pins
    Info (21060): Implemented 16 bidirectional pins
    Info (21061): Implemented 275 logic cells
Info: Quartus II 64-Bit Analysis & Synthesis was successful. 0 errors, 72 warnings
    Info: Peak virtual memory: 524 megabytes
    Info: Processing ended: Sat May 28 13:32:28 2016
    Info: Elapsed time: 00:00:02
    Info: Total CPU time (on all processors): 00:00:02


