EDA Netlist Writer report for finalproject
Wed May 25 11:58:38 2016
Quartus II 64-Bit Version 13.0.1 Build 232 06/12/2013 Service Pack 1 SJ Web Edition


---------------------
; Table of Contents ;
---------------------
  1. Legal Notice
  2. EDA Netlist Writer Summary
  3. EDA Netlist Writer Messages



----------------
; Legal Notice ;
----------------
Copyright (C) 1991-2013 Altera Corporation
Your use of Altera Corporation's design tools, logic functions 
and other software and tools, and its AMPP partner logic 
functions, and any output files from any of the foregoing 
(including device programming or simulation files), and any 
associated documentation or information are expressly subject 
to the terms and conditions of the Altera Program License 
Subscription Agreement, Altera MegaCore Function License 
Agreement, or other applicable license agreement, including, 
without limitation, that your use is for the sole purpose of 
programming logic devices manufactured by Altera and sold by 
Altera or its authorized distributors.  Please refer to the 
applicable agreement for further details.



+---------------------------------------------------------------+
; EDA Netlist Writer Summary                                    ;
+---------------------------+-----------------------------------+
; EDA Netlist Writer Status ; Failed - Wed May 25 11:58:38 2016 ;
; Revision Name             ; finalproject                      ;
; Top-level Entity Name     ; proc                              ;
; Family                    ; Cyclone II                        ;
+---------------------------+-----------------------------------+


+-----------------------------+
; EDA Netlist Writer Messages ;
+-----------------------------+
Info: *******************************************************************
Info: Running Quartus II 64-Bit EDA Netlist Writer
    Info: Version 13.0.1 Build 232 06/12/2013 Service Pack 1 SJ Web Edition
    Info: Processing started: Wed May 25 11:58:38 2016
Info: Command: quartus_eda --gen_testbench --check_outputs=on --tool=modelsim_oem --format=verilog finalproject -c finalproject --vector_source=C:/Users/lfet7715/Desktop/FinalProject/Waveform8.vwf --testbench_file=./simulation/qsim/finalproject.vt
Error (201009): Bus port "LEDR" specified in vector source file has width of 16, which does not match width 18 of top level port of same name
Error (201009): Bus port "LEDR" specified in vector source file has width of 16, which does not match width 18 of top level port of same name
Info (201000): Generated Verilog Test Bench File ./simulation/qsim/finalproject.vt for simulation
Error: Quartus II 64-Bit EDA Netlist Writer was unsuccessful. 2 errors, 0 warnings
    Error: Peak virtual memory: 392 megabytes
    Error: Processing ended: Wed May 25 11:58:38 2016
    Error: Elapsed time: 00:00:00
    Error: Total CPU time (on all processors): 00:00:00


